
> plan-spec-build-workshop@0.1.0 test
> jest

node.exe : FAIL src/lib/__tests__/schema.test.ts
At line:1 char:1
+ & "C:\Program Files\nodejs/node.exe" "C:\Program Files\nodejs/node_mo ...
+ ~~~~~~~~~~~~~~~~~~~~~~~~~~~~~~~~~~~~~~~~~~~~~~~~~~~~~~~~~~~~~~~~~~~~~
    + CategoryInfo          : NotSpecified: (FAIL src/lib/__tests__/schema.test.ts:Strin 
   g) [], RemoteException
    + FullyQualifiedErrorId : NativeCommandError
 
  ΓùÅ Frontmatter Schema - External Links ΓÇ║ should fail validation if external_links 
url is invalid

    expect(received).toContain(expected) // indexOf

    Expected substring: "External link must be a valid URL"
    Received string:    "links.0.url: Link must be a valid URL"

    [0m [90m 72 |[39m         expect([32m'_error'[39m [36min[39m 
result)[33m.[39mtoBe([36mtrue[39m)[33m;[39m
     [90m 73 |[39m         [36mif[39m ([32m'_error'[39m [36min[39m result) {
    [31m[1m>[22m[39m[90m 74 |[39m             
expect(result[33m.[39m_message)[33m.[39mtoContain([32m"External link must be a 
valid URL"[39m)[33m;[39m
     [90m    |[39m                                     [31m[1m^[22m[39m
     [90m 75 |[39m         }
     [90m 76 |[39m     })[33m;[39m
     [90m 77 |[39m })[33m;[39m[0m

      at Object.toContain (src/lib/__tests__/schema.test.ts:74:37)

FAIL src/lib/__tests__/content-parser.test.ts
  ΓùÅ Console

    console.error
      [Story 9.1] Failed to read source_path: ../../../etc/passwd Security: Direct 
absolute paths or parent-directory traversal (..) are not permitted in source_path.

    [0m [90m 170 |[39m             }
     [90m 171 |[39m         } [36mcatch[39m (err[33m:[39m unknown) {
    [31m[1m>[22m[39m[90m 172 |[39m             
console[33m.[39merror([32m`[Story 9.1] Failed to read source_path: 
${result.data.source_path}`[39m[33m,[39m err [36minstanceof[39m [33mError[39m 
[33m?[39m err[33m.[39mmessage [33m:[39m [33mString[39m(err))[33m;[39m
     [90m     |[39m                     [31m[1m^[22m[39m
     [90m 173 |[39m         }
     [90m 174 |[39m     }
     [90m 175 |[39m[0m

      at error (src/lib/content-parser.ts:172:21)
      at Object.<anonymous> (src/lib/__tests__/content-parser.test.ts:222:24)

    console.error
      [Story 9.1] Failed to read source_path: /etc/passwd Security: Direct absolute 
paths or parent-directory traversal (..) are not permitted in source_path.

    [0m [90m 170 |[39m             }
     [90m 171 |[39m         } [36mcatch[39m (err[33m:[39m unknown) {
    [31m[1m>[22m[39m[90m 172 |[39m             
console[33m.[39merror([32m`[Story 9.1] Failed to read source_path: 
${result.data.source_path}`[39m[33m,[39m err [36minstanceof[39m [33mError[39m 
[33m?[39m err[33m.[39mmessage [33m:[39m [33mString[39m(err))[33m;[39m
     [90m     |[39m                     [31m[1m^[22m[39m
     [90m 173 |[39m         }
     [90m 174 |[39m     }
     [90m 175 |[39m[0m

      at error (src/lib/content-parser.ts:172:21)
      at Object.<anonymous> (src/lib/__tests__/content-parser.test.ts:240:24)

  ΓùÅ parseMarkdownFile - Tokenization Logic ΓÇ║ should resolve associatedProjects slugs 
to titles for agents

    TypeError: expect(received).toHaveLength(expected)

    Matcher error: received value must have a length property whose value must be a 
number

    Received has value: undefined

    [0m [90m 279 |[39m         ) [36mas[39m [33mParsedArticle[39m[33m;[39m
     [90m 280 |[39m
    [31m[1m>[22m[39m[90m 281 |[39m         expect(result[33m.[39massociatedProjec
ts)[33m.[39mtoHaveLength([35m2[39m)[33m;[39m
     [90m     |[39m                                           [31m[1m^[22m[39m
     [90m 282 |[39m         
expect(result[33m.[39massociatedProjects)[33m.[39mtoContainEqual({ slug[33m:[39m 
[32m"project-a"[39m[33m,[39m title[33m:[39m [32m"Alpha Project"[39m })[33m;[39m
     [90m 283 |[39m         
expect(result[33m.[39massociatedProjects)[33m.[39mtoContainEqual({ slug[33m:[39m 
[32m"project-b"[39m[33m,[39m title[33m:[39m [32m"Beta Project"[39m })[33m;[39m
     [90m 284 |[39m     })[33m;[39m[0m

      at Object.toHaveLength (src/lib/__tests__/content-parser.test.ts:281:43)

PASS src/components/custom/__tests__/DiscoveryGrid.test.tsx
PASS src/components/custom/__tests__/MarkdownDocumentModal.test.tsx
  ΓùÅ Console

    console.warn
      Warning: Missing `Description` or `aria-describedby={undefined}` for 
{DialogContent}.

    [0m [90m 40 |[39m         })[33m;[39m
     [90m 41 |[39m
    [31m[1m>[22m[39m[90m 42 |[39m         
render([33m<[39m[33mMarkdownDocumentModal[39m allContent[33m=[39m{mockContent} 
[33m/[39m[33m>[39m)[33m;[39m
     [90m    |[39m               [31m[1m^[22m[39m
     [90m 43 |[39m
     [90m 44 |[39m         [90m// Find the elements in the Portal (JSDOM usually 
renders them in document.body)[39m
     [90m 45 |[39m         [36mconst[39m dialogContent [33m=[39m 
document[33m.[39mquerySelector([32m'[data-slot="dialog-content"]'[39m)[33m;[39m[0m

      at node_modules/@radix-ui/react-dialog/src/dialog.tsx:543:36
      at Object.react_stack_bottom_frame 
(node_modules/react-dom/cjs/react-dom-client.development.js:25989:20)
      at runWithFiberInDEV 
(node_modules/react-dom/cjs/react-dom-client.development.js:874:13)
      at commitHookEffectListMount 
(node_modules/react-dom/cjs/react-dom-client.development.js:13249:29)
      at commitHookPassiveMountEffects 
(node_modules/react-dom/cjs/react-dom-client.development.js:13336:11)
      at commitPassiveMountOnFiber 
(node_modules/react-dom/cjs/react-dom-client.development.js:15484:13)
      at recursivelyTraversePassiveMountEffects 
(node_modules/react-dom/cjs/react-dom-client.development.js:15439:11)
      at commitPassiveMountOnFiber 
(node_modules/react-dom/cjs/react-dom-client.development.js:15718:11)
      at recursivelyTraversePassiveMountEffects 
(node_modules/react-dom/cjs/react-dom-client.development.js:15439:11)
      at commitPassiveMountOnFiber 
(node_modules/react-dom/cjs/react-dom-client.development.js:15476:11)
      at recursivelyTraversePassiveMountEffects 
(node_modules/react-dom/cjs/react-dom-client.development.js:15439:11)
      at commitPassiveMountOnFiber 
(node_modules/react-dom/cjs/react-dom-client.development.js:15476:11)
      at recursivelyTraversePassiveMountEffects 
(node_modules/react-dom/cjs/react-dom-client.development.js:15439:11)
      at commitPassiveMountOnFiber 
(node_modules/react-dom/cjs/react-dom-client.development.js:15476:11)
      at recursivelyTraversePassiveMountEffects 
(node_modules/react-dom/cjs/react-dom-client.development.js:15439:11)
      at commitPassiveMountOnFiber 
(node_modules/react-dom/cjs/react-dom-client.development.js:15476:11)
      at recursivelyTraversePassiveMountEffects 
(node_modules/react-dom/cjs/react-dom-client.development.js:15439:11)
      at commitPassiveMountOnFiber 
(node_modules/react-dom/cjs/react-dom-client.development.js:15476:11)
      at recursivelyTraversePassiveMountEffects 
(node_modules/react-dom/cjs/react-dom-client.development.js:15439:11)
      at commitPassiveMountOnFiber 
(node_modules/react-dom/cjs/react-dom-client.development.js:15476:11)
      at recursivelyTraversePassiveMountEffects 
(node_modules/react-dom/cjs/react-dom-client.development.js:15439:11)
      at commitPassiveMountOnFiber 
(node_modules/react-dom/cjs/react-dom-client.development.js:15476:11)
      at recursivelyTraversePassiveMountEffects 
(node_modules/react-dom/cjs/react-dom-client.development.js:15439:11)
      at commitPassiveMountOnFiber 
(node_modules/react-dom/cjs/react-dom-client.development.js:15718:11)
      at recursivelyTraversePassiveMountEffects 
(node_modules/react-dom/cjs/react-dom-client.development.js:15439:11)
      at commitPassiveMountOnFiber 
(node_modules/react-dom/cjs/react-dom-client.development.js:15476:11)
      at recursivelyTraversePassiveMountEffects 
(node_modules/react-dom/cjs/react-dom-client.development.js:15439:11)
      at commitPassiveMountOnFiber 
(node_modules/react-dom/cjs/react-dom-client.development.js:15476:11)
      at recursivelyTraversePassiveMountEffects 
(node_modules/react-dom/cjs/react-dom-client.development.js:15439:11)
      at commitPassiveMountOnFiber 
(node_modules/react-dom/cjs/react-dom-client.development.js:15718:11)
      at recursivelyTraversePassiveMountEffects 
(node_modules/react-dom/cjs/react-dom-client.development.js:15439:11)
      at commitPassiveMountOnFiber 
(node_modules/react-dom/cjs/react-dom-client.development.js:15476:11)
      at recursivelyTraversePassiveMountEffects 
(node_modules/react-dom/cjs/react-dom-client.development.js:15439:11)
      at commitPassiveMountOnFiber 
(node_modules/react-dom/cjs/react-dom-client.development.js:15476:11)
      at recursivelyTraversePassiveMountEffects 
(node_modules/react-dom/cjs/react-dom-client.development.js:15439:11)
      at commitPassiveMountOnFiber 
(node_modules/react-dom/cjs/react-dom-client.development.js:15476:11)
      at recursivelyTraversePassiveMountEffects 
(node_modules/react-dom/cjs/react-dom-client.development.js:15439:11)
      at commitPassiveMountOnFiber 
(node_modules/react-dom/cjs/react-dom-client.development.js:15476:11)
      at recursivelyTraversePassiveMountEffects 
(node_modules/react-dom/cjs/react-dom-client.development.js:15439:11)
      at commitPassiveMountOnFiber 
(node_modules/react-dom/cjs/react-dom-client.development.js:15718:11)
      at recursivelyTraversePassiveMountEffects 
(node_modules/react-dom/cjs/react-dom-client.development.js:15439:11)
      at commitPassiveMountOnFiber 
(node_modules/react-dom/cjs/react-dom-client.development.js:15476:11)
      at recursivelyTraversePassiveMountEffects 
(node_modules/react-dom/cjs/react-dom-client.development.js:15439:11)
      at commitPassiveMountOnFiber 
(node_modules/react-dom/cjs/react-dom-client.development.js:15476:11)
      at recursivelyTraversePassiveMountEffects 
(node_modules/react-dom/cjs/react-dom-client.development.js:15439:11)
      at commitPassiveMountOnFiber 
(node_modules/react-dom/cjs/react-dom-client.development.js:15476:11)
      at recursivelyTraversePassiveMountEffects 
(node_modules/react-dom/cjs/react-dom-client.development.js:15439:11)
      at commitPassiveMountOnFiber 
(node_modules/react-dom/cjs/react-dom-client.development.js:15476:11)
      at recursivelyTraversePassiveMountEffects 
(node_modules/react-dom/cjs/react-dom-client.development.js:15439:11)
      at commitPassiveMountOnFiber 
(node_modules/react-dom/cjs/react-dom-client.development.js:15519:11)
      at flushPassiveEffects 
(node_modules/react-dom/cjs/react-dom-client.development.js:18432:9)
      at flushPendingEffects 
(node_modules/react-dom/cjs/react-dom-client.development.js:18358:14)
      at flushSpawnedWork 
(node_modules/react-dom/cjs/react-dom-client.development.js:18323:44)
      at commitRoot (node_modules/react-dom/cjs/react-dom-client.development.js:17955:9)
      at performWorkOnRoot 
(node_modules/react-dom/cjs/react-dom-client.development.js:16667:15)
      at performSyncWorkOnRoot 
(node_modules/react-dom/cjs/react-dom-client.development.js:18972:7)
      at flushSyncWorkAcrossRoots_impl 
(node_modules/react-dom/cjs/react-dom-client.development.js:18814:21)
      at flushSpawnedWork 
(node_modules/react-dom/cjs/react-dom-client.development.js:18334:9)
      at commitRoot (node_modules/react-dom/cjs/react-dom-client.development.js:17955:9)
      at performWorkOnRoot 
(node_modules/react-dom/cjs/react-dom-client.development.js:16667:15)
      at performWorkOnRootViaSchedulerTask 
(node_modules/react-dom/cjs/react-dom-client.development.js:18957:7)
      at flushActQueue (node_modules/react/cjs/react.development.js:590:34)
      at process.env.NODE_ENV.exports.act 
(node_modules/react/cjs/react.development.js:884:10)
      at node_modules/@testing-library/react/dist/act-compat.js:46:25
      at renderRoot (node_modules/@testing-library/react/dist/pure.js:189:26)
      at render (node_modules/@testing-library/react/dist/pure.js:291:10)
      at Object.<anonymous> 
(src/components/custom/__tests__/MarkdownDocumentModal.test.tsx:42:15)

    console.warn
      Warning: Missing `Description` or `aria-describedby={undefined}` for 
{DialogContent}.

    [0m [90m 67 |[39m         })[33m;[39m
     [90m 68 |[39m
    [31m[1m>[22m[39m[90m 69 |[39m         
render([33m<[39m[33mMarkdownDocumentModal[39m allContent[33m=[39m{mockContent} 
[33m/[39m[33m>[39m)[33m;[39m
     [90m    |[39m               [31m[1m^[22m[39m
     [90m 70 |[39m
     [90m 71 |[39m
     [90m 72 |[39m         [90m// Check for Back button instead of Close 
button[39m[0m

      at node_modules/@radix-ui/react-dialog/src/dialog.tsx:543:36
      at Object.react_stack_bottom_frame 
(node_modules/react-dom/cjs/react-dom-client.development.js:25989:20)
      at runWithFiberInDEV 
(node_modules/react-dom/cjs/react-dom-client.development.js:874:13)
      at commitHookEffectListMount 
(node_modules/react-dom/cjs/react-dom-client.development.js:13249:29)
      at commitHookPassiveMountEffects 
(node_modules/react-dom/cjs/react-dom-client.development.js:13336:11)
      at commitPassiveMountOnFiber 
(node_modules/react-dom/cjs/react-dom-client.development.js:15484:13)
      at recursivelyTraversePassiveMountEffects 
(node_modules/react-dom/cjs/react-dom-client.development.js:15439:11)
      at commitPassiveMountOnFiber 
(node_modules/react-dom/cjs/react-dom-client.development.js:15718:11)
      at recursivelyTraversePassiveMountEffects 
(node_modules/react-dom/cjs/react-dom-client.development.js:15439:11)
      at commitPassiveMountOnFiber 
(node_modules/react-dom/cjs/react-dom-client.development.js:15476:11)
      at recursivelyTraversePassiveMountEffects 
(node_modules/react-dom/cjs/react-dom-client.development.js:15439:11)
      at commitPassiveMountOnFiber 
(node_modules/react-dom/cjs/react-dom-client.development.js:15476:11)
      at recursivelyTraversePassiveMountEffects 
(node_modules/react-dom/cjs/react-dom-client.development.js:15439:11)
      at commitPassiveMountOnFiber 
(node_modules/react-dom/cjs/react-dom-client.development.js:15476:11)
      at recursivelyTraversePassiveMountEffects 
(node_modules/react-dom/cjs/react-dom-client.development.js:15439:11)
      at commitPassiveMountOnFiber 
(node_modules/react-dom/cjs/react-dom-client.development.js:15476:11)
      at recursivelyTraversePassiveMountEffects 
(node_modules/react-dom/cjs/react-dom-client.development.js:15439:11)
      at commitPassiveMountOnFiber 
(node_modules/react-dom/cjs/react-dom-client.development.js:15476:11)
      at recursivelyTraversePassiveMountEffects 
(node_modules/react-dom/cjs/react-dom-client.development.js:15439:11)
      at commitPassiveMountOnFiber 
(node_modules/react-dom/cjs/react-dom-client.development.js:15476:11)
      at recursivelyTraversePassiveMountEffects 
(node_modules/react-dom/cjs/react-dom-client.development.js:15439:11)
      at commitPassiveMountOnFiber 
(node_modules/react-dom/cjs/react-dom-client.development.js:15476:11)
      at recursivelyTraversePassiveMountEffects 
(node_modules/react-dom/cjs/react-dom-client.development.js:15439:11)
      at commitPassiveMountOnFiber 
(node_modules/react-dom/cjs/react-dom-client.development.js:15718:11)
      at recursivelyTraversePassiveMountEffects 
(node_modules/react-dom/cjs/react-dom-client.development.js:15439:11)
      at commitPassiveMountOnFiber 
(node_modules/react-dom/cjs/react-dom-client.development.js:15476:11)
      at recursivelyTraversePassiveMountEffects 
(node_modules/react-dom/cjs/react-dom-client.development.js:15439:11)
      at commitPassiveMountOnFiber 
(node_modules/react-dom/cjs/react-dom-client.development.js:15476:11)
      at recursivelyTraversePassiveMountEffects 
(node_modules/react-dom/cjs/react-dom-client.development.js:15439:11)
      at commitPassiveMountOnFiber 
(node_modules/react-dom/cjs/react-dom-client.development.js:15718:11)
      at recursivelyTraversePassiveMountEffects 
(node_modules/react-dom/cjs/react-dom-client.development.js:15439:11)
      at commitPassiveMountOnFiber 
(node_modules/react-dom/cjs/react-dom-client.development.js:15476:11)
      at recursivelyTraversePassiveMountEffects 
(node_modules/react-dom/cjs/react-dom-client.development.js:15439:11)
      at commitPassiveMountOnFiber 
(node_modules/react-dom/cjs/react-dom-client.development.js:15476:11)
      at recursivelyTraversePassiveMountEffects 
(node_modules/react-dom/cjs/react-dom-client.development.js:15439:11)
      at commitPassiveMountOnFiber 
(node_modules/react-dom/cjs/react-dom-client.development.js:15476:11)
      at recursivelyTraversePassiveMountEffects 
(node_modules/react-dom/cjs/react-dom-client.development.js:15439:11)
      at commitPassiveMountOnFiber 
(node_modules/react-dom/cjs/react-dom-client.development.js:15476:11)
      at recursivelyTraversePassiveMountEffects 
(node_modules/react-dom/cjs/react-dom-client.development.js:15439:11)
      at commitPassiveMountOnFiber 
(node_modules/react-dom/cjs/react-dom-client.development.js:15718:11)
      at recursivelyTraversePassiveMountEffects 
(node_modules/react-dom/cjs/react-dom-client.development.js:15439:11)
      at commitPassiveMountOnFiber 
(node_modules/react-dom/cjs/react-dom-client.development.js:15476:11)
      at recursivelyTraversePassiveMountEffects 
(node_modules/react-dom/cjs/react-dom-client.development.js:15439:11)
      at commitPassiveMountOnFiber 
(node_modules/react-dom/cjs/react-dom-client.development.js:15476:11)
      at recursivelyTraversePassiveMountEffects 
(node_modules/react-dom/cjs/react-dom-client.development.js:15439:11)
      at commitPassiveMountOnFiber 
(node_modules/react-dom/cjs/react-dom-client.development.js:15476:11)
      at recursivelyTraversePassiveMountEffects 
(node_modules/react-dom/cjs/react-dom-client.development.js:15439:11)
      at commitPassiveMountOnFiber 
(node_modules/react-dom/cjs/react-dom-client.development.js:15476:11)
      at recursivelyTraversePassiveMountEffects 
(node_modules/react-dom/cjs/react-dom-client.development.js:15439:11)
      at commitPassiveMountOnFiber 
(node_modules/react-dom/cjs/react-dom-client.development.js:15519:11)
      at flushPassiveEffects 
(node_modules/react-dom/cjs/react-dom-client.development.js:18432:9)
      at flushPendingEffects 
(node_modules/react-dom/cjs/react-dom-client.development.js:18358:14)
      at flushSpawnedWork 
(node_modules/react-dom/cjs/react-dom-client.development.js:18323:44)
      at commitRoot (node_modules/react-dom/cjs/react-dom-client.development.js:17955:9)
      at performWorkOnRoot 
(node_modules/react-dom/cjs/react-dom-client.development.js:16667:15)
      at performSyncWorkOnRoot 
(node_modules/react-dom/cjs/react-dom-client.development.js:18972:7)
      at flushSyncWorkAcrossRoots_impl 
(node_modules/react-dom/cjs/react-dom-client.development.js:18814:21)
      at flushSpawnedWork 
(node_modules/react-dom/cjs/react-dom-client.development.js:18334:9)
      at commitRoot (node_modules/react-dom/cjs/react-dom-client.development.js:17955:9)
      at performWorkOnRoot 
(node_modules/react-dom/cjs/react-dom-client.development.js:16667:15)
      at performWorkOnRootViaSchedulerTask 
(node_modules/react-dom/cjs/react-dom-client.development.js:18957:7)
      at flushActQueue (node_modules/react/cjs/react.development.js:590:34)
      at process.env.NODE_ENV.exports.act 
(node_modules/react/cjs/react.development.js:884:10)
      at node_modules/@testing-library/react/dist/act-compat.js:46:25
      at renderRoot (node_modules/@testing-library/react/dist/pure.js:189:26)
      at render (node_modules/@testing-library/react/dist/pure.js:291:10)
      at Object.<anonymous> 
(src/components/custom/__tests__/MarkdownDocumentModal.test.tsx:69:15)

    console.warn
      Warning: Missing `Description` or `aria-describedby={undefined}` for 
{DialogContent}.

    [0m [90m 93 |[39m         })[33m;[39m
     [90m 94 |[39m
    [31m[1m>[22m[39m[90m 95 |[39m         
render([33m<[39m[33mMarkdownDocumentModal[39m allContent[33m=[39m{mockContent} 
[33m/[39m[33m>[39m)[33m;[39m
     [90m    |[39m               [31m[1m^[22m[39m
     [90m 96 |[39m
     [90m 97 |[39m         [36mconst[39m errorFallback [33m=[39m 
screen[33m.[39mgetByTestId([32m"document-error-fallback"[39m)[33m;[39m
     [90m 98 |[39m         
expect(errorFallback)[33m.[39mtoBeInTheDocument()[33m;[39m[0m

      at node_modules/@radix-ui/react-dialog/src/dialog.tsx:543:36
      at Object.react_stack_bottom_frame 
(node_modules/react-dom/cjs/react-dom-client.development.js:25989:20)
      at runWithFiberInDEV 
(node_modules/react-dom/cjs/react-dom-client.development.js:874:13)
      at commitHookEffectListMount 
(node_modules/react-dom/cjs/react-dom-client.development.js:13249:29)
      at commitHookPassiveMountEffects 
(node_modules/react-dom/cjs/react-dom-client.development.js:13336:11)
      at commitPassiveMountOnFiber 
(node_modules/react-dom/cjs/react-dom-client.development.js:15484:13)
      at recursivelyTraversePassiveMountEffects 
(node_modules/react-dom/cjs/react-dom-client.development.js:15439:11)
      at commitPassiveMountOnFiber 
(node_modules/react-dom/cjs/react-dom-client.development.js:15718:11)
      at recursivelyTraversePassiveMountEffects 
(node_modules/react-dom/cjs/react-dom-client.development.js:15439:11)
      at commitPassiveMountOnFiber 
(node_modules/react-dom/cjs/react-dom-client.development.js:15476:11)
      at recursivelyTraversePassiveMountEffects 
(node_modules/react-dom/cjs/react-dom-client.development.js:15439:11)
      at commitPassiveMountOnFiber 
(node_modules/react-dom/cjs/react-dom-client.development.js:15476:11)
      at recursivelyTraversePassiveMountEffects 
(node_modules/react-dom/cjs/react-dom-client.development.js:15439:11)
      at commitPassiveMountOnFiber 
(node_modules/react-dom/cjs/react-dom-client.development.js:15476:11)
      at recursivelyTraversePassiveMountEffects 
(node_modules/react-dom/cjs/react-dom-client.development.js:15439:11)
      at commitPassiveMountOnFiber 
(node_modules/react-dom/cjs/react-dom-client.development.js:15476:11)
      at recursivelyTraversePassiveMountEffects 
(node_modules/react-dom/cjs/react-dom-client.development.js:15439:11)
      at commitPassiveMountOnFiber 
(node_modules/react-dom/cjs/react-dom-client.development.js:15476:11)
      at recursivelyTraversePassiveMountEffects 
(node_modules/react-dom/cjs/react-dom-client.development.js:15439:11)
      at commitPassiveMountOnFiber 
(node_modules/react-dom/cjs/react-dom-client.development.js:15476:11)
      at recursivelyTraversePassiveMountEffects 
(node_modules/react-dom/cjs/react-dom-client.development.js:15439:11)
      at commitPassiveMountOnFiber 
(node_modules/react-dom/cjs/react-dom-client.development.js:15476:11)
      at recursivelyTraversePassiveMountEffects 
(node_modules/react-dom/cjs/react-dom-client.development.js:15439:11)
      at commitPassiveMountOnFiber 
(node_modules/react-dom/cjs/react-dom-client.development.js:15718:11)
      at recursivelyTraversePassiveMountEffects 
(node_modules/react-dom/cjs/react-dom-client.development.js:15439:11)
      at commitPassiveMountOnFiber 
(node_modules/react-dom/cjs/react-dom-client.development.js:15476:11)
      at recursivelyTraversePassiveMountEffects 
(node_modules/react-dom/cjs/react-dom-client.development.js:15439:11)
      at commitPassiveMountOnFiber 
(node_modules/react-dom/cjs/react-dom-client.development.js:15476:11)
      at recursivelyTraversePassiveMountEffects 
(node_modules/react-dom/cjs/react-dom-client.development.js:15439:11)
      at commitPassiveMountOnFiber 
(node_modules/react-dom/cjs/react-dom-client.development.js:15718:11)
      at recursivelyTraversePassiveMountEffects 
(node_modules/react-dom/cjs/react-dom-client.development.js:15439:11)
      at commitPassiveMountOnFiber 
(node_modules/react-dom/cjs/react-dom-client.development.js:15476:11)
      at recursivelyTraversePassiveMountEffects 
(node_modules/react-dom/cjs/react-dom-client.development.js:15439:11)
      at commitPassiveMountOnFiber 
(node_modules/react-dom/cjs/react-dom-client.development.js:15476:11)
      at recursivelyTraversePassiveMountEffects 
(node_modules/react-dom/cjs/react-dom-client.development.js:15439:11)
      at commitPassiveMountOnFiber 
(node_modules/react-dom/cjs/react-dom-client.development.js:15476:11)
      at recursivelyTraversePassiveMountEffects 
(node_modules/react-dom/cjs/react-dom-client.development.js:15439:11)
      at commitPassiveMountOnFiber 
(node_modules/react-dom/cjs/react-dom-client.development.js:15476:11)
      at recursivelyTraversePassiveMountEffects 
(node_modules/react-dom/cjs/react-dom-client.development.js:15439:11)
      at commitPassiveMountOnFiber 
(node_modules/react-dom/cjs/react-dom-client.development.js:15718:11)
      at recursivelyTraversePassiveMountEffects 
(node_modules/react-dom/cjs/react-dom-client.development.js:15439:11)
      at commitPassiveMountOnFiber 
(node_modules/react-dom/cjs/react-dom-client.development.js:15476:11)
      at recursivelyTraversePassiveMountEffects 
(node_modules/react-dom/cjs/react-dom-client.development.js:15439:11)
      at commitPassiveMountOnFiber 
(node_modules/react-dom/cjs/react-dom-client.development.js:15476:11)
      at recursivelyTraversePassiveMountEffects 
(node_modules/react-dom/cjs/react-dom-client.development.js:15439:11)
      at commitPassiveMountOnFiber 
(node_modules/react-dom/cjs/react-dom-client.development.js:15476:11)
      at recursivelyTraversePassiveMountEffects 
(node_modules/react-dom/cjs/react-dom-client.development.js:15439:11)
      at commitPassiveMountOnFiber 
(node_modules/react-dom/cjs/react-dom-client.development.js:15476:11)
      at recursivelyTraversePassiveMountEffects 
(node_modules/react-dom/cjs/react-dom-client.development.js:15439:11)
      at commitPassiveMountOnFiber 
(node_modules/react-dom/cjs/react-dom-client.development.js:15519:11)
      at flushPassiveEffects 
(node_modules/react-dom/cjs/react-dom-client.development.js:18432:9)
      at flushPendingEffects 
(node_modules/react-dom/cjs/react-dom-client.development.js:18358:14)
      at flushSpawnedWork 
(node_modules/react-dom/cjs/react-dom-client.development.js:18323:44)
      at commitRoot (node_modules/react-dom/cjs/react-dom-client.development.js:17955:9)
      at performWorkOnRoot 
(node_modules/react-dom/cjs/react-dom-client.development.js:16667:15)
      at performSyncWorkOnRoot 
(node_modules/react-dom/cjs/react-dom-client.development.js:18972:7)
      at flushSyncWorkAcrossRoots_impl 
(node_modules/react-dom/cjs/react-dom-client.development.js:18814:21)
      at flushSpawnedWork 
(node_modules/react-dom/cjs/react-dom-client.development.js:18334:9)
      at commitRoot (node_modules/react-dom/cjs/react-dom-client.development.js:17955:9)
      at performWorkOnRoot 
(node_modules/react-dom/cjs/react-dom-client.development.js:16667:15)
      at performWorkOnRootViaSchedulerTask 
(node_modules/react-dom/cjs/react-dom-client.development.js:18957:7)
      at flushActQueue (node_modules/react/cjs/react.development.js:590:34)
      at process.env.NODE_ENV.exports.act 
(node_modules/react/cjs/react.development.js:884:10)
      at node_modules/@testing-library/react/dist/act-compat.js:46:25
      at renderRoot (node_modules/@testing-library/react/dist/pure.js:189:26)
      at render (node_modules/@testing-library/react/dist/pure.js:291:10)
      at Object.<anonymous> 
(src/components/custom/__tests__/MarkdownDocumentModal.test.tsx:95:15)

    console.warn
      Warning: Missing `Description` or `aria-describedby={undefined}` for 
{DialogContent}.

    [0m [90m 115 |[39m         })[33m;[39m
     [90m 116 |[39m
    [31m[1m>[22m[39m[90m 117 |[39m         
render([33m<[39m[33mMarkdownDocumentModal[39m allContent[33m=[39m{mockContent} 
[33m/[39m[33m>[39m)[33m;[39m
     [90m     |[39m               [31m[1m^[22m[39m
     [90m 118 |[39m
     [90m 119 |[39m         expect(screen[33m.[39mgetByTestId([32m"document-error-fa
llback"[39m))[33m.[39mtoBeInTheDocument()[33m;[39m
     [90m 120 |[39m         expect(screen[33m.[39mgetByText([32m"Document Not 
Found"[39m))[33m.[39mtoBeInTheDocument()[33m;[39m[0m

      at node_modules/@radix-ui/react-dialog/src/dialog.tsx:543:36
      at Object.react_stack_bottom_frame 
(node_modules/react-dom/cjs/react-dom-client.development.js:25989:20)
      at runWithFiberInDEV 
(node_modules/react-dom/cjs/react-dom-client.development.js:874:13)
      at commitHookEffectListMount 
(node_modules/react-dom/cjs/react-dom-client.development.js:13249:29)
      at commitHookPassiveMountEffects 
(node_modules/react-dom/cjs/react-dom-client.development.js:13336:11)
      at commitPassiveMountOnFiber 
(node_modules/react-dom/cjs/react-dom-client.development.js:15484:13)
      at recursivelyTraversePassiveMountEffects 
(node_modules/react-dom/cjs/react-dom-client.development.js:15439:11)
      at commitPassiveMountOnFiber 
(node_modules/react-dom/cjs/react-dom-client.development.js:15718:11)
      at recursivelyTraversePassiveMountEffects 
(node_modules/react-dom/cjs/react-dom-client.development.js:15439:11)
      at commitPassiveMountOnFiber 
(node_modules/react-dom/cjs/react-dom-client.development.js:15476:11)
      at recursivelyTraversePassiveMountEffects 
(node_modules/react-dom/cjs/react-dom-client.development.js:15439:11)
      at commitPassiveMountOnFiber 
(node_modules/react-dom/cjs/react-dom-client.development.js:15476:11)
      at recursivelyTraversePassiveMountEffects 
(node_modules/react-dom/cjs/react-dom-client.development.js:15439:11)
      at commitPassiveMountOnFiber 
(node_modules/react-dom/cjs/react-dom-client.development.js:15476:11)
      at recursivelyTraversePassiveMountEffects 
(node_modules/react-dom/cjs/react-dom-client.development.js:15439:11)
      at commitPassiveMountOnFiber 
(node_modules/react-dom/cjs/react-dom-client.development.js:15476:11)
      at recursivelyTraversePassiveMountEffects 
(node_modules/react-dom/cjs/react-dom-client.development.js:15439:11)
      at commitPassiveMountOnFiber 
(node_modules/react-dom/cjs/react-dom-client.development.js:15476:11)
      at recursivelyTraversePassiveMountEffects 
(node_modules/react-dom/cjs/react-dom-client.development.js:15439:11)
      at commitPassiveMountOnFiber 
(node_modules/react-dom/cjs/react-dom-client.development.js:15476:11)
      at recursivelyTraversePassiveMountEffects 
(node_modules/react-dom/cjs/react-dom-client.development.js:15439:11)
      at commitPassiveMountOnFiber 
(node_modules/react-dom/cjs/react-dom-client.development.js:15476:11)
      at recursivelyTraversePassiveMountEffects 
(node_modules/react-dom/cjs/react-dom-client.development.js:15439:11)
      at commitPassiveMountOnFiber 
(node_modules/react-dom/cjs/react-dom-client.development.js:15718:11)
      at recursivelyTraversePassiveMountEffects 
(node_modules/react-dom/cjs/react-dom-client.development.js:15439:11)
      at commitPassiveMountOnFiber 
(node_modules/react-dom/cjs/react-dom-client.development.js:15476:11)
      at recursivelyTraversePassiveMountEffects 
(node_modules/react-dom/cjs/react-dom-client.development.js:15439:11)
      at commitPassiveMountOnFiber 
(node_modules/react-dom/cjs/react-dom-client.development.js:15476:11)
      at recursivelyTraversePassiveMountEffects 
(node_modules/react-dom/cjs/react-dom-client.development.js:15439:11)
      at commitPassiveMountOnFiber 
(node_modules/react-dom/cjs/react-dom-client.development.js:15718:11)
      at recursivelyTraversePassiveMountEffects 
(node_modules/react-dom/cjs/react-dom-client.development.js:15439:11)
      at commitPassiveMountOnFiber 
(node_modules/react-dom/cjs/react-dom-client.development.js:15476:11)
      at recursivelyTraversePassiveMountEffects 
(node_modules/react-dom/cjs/react-dom-client.development.js:15439:11)
      at commitPassiveMountOnFiber 
(node_modules/react-dom/cjs/react-dom-client.development.js:15476:11)
      at recursivelyTraversePassiveMountEffects 
(node_modules/react-dom/cjs/react-dom-client.development.js:15439:11)
      at commitPassiveMountOnFiber 
(node_modules/react-dom/cjs/react-dom-client.development.js:15476:11)
      at recursivelyTraversePassiveMountEffects 
(node_modules/react-dom/cjs/react-dom-client.development.js:15439:11)
      at commitPassiveMountOnFiber 
(node_modules/react-dom/cjs/react-dom-client.development.js:15476:11)
      at recursivelyTraversePassiveMountEffects 
(node_modules/react-dom/cjs/react-dom-client.development.js:15439:11)
      at commitPassiveMountOnFiber 
(node_modules/react-dom/cjs/react-dom-client.development.js:15718:11)
      at recursivelyTraversePassiveMountEffects 
(node_modules/react-dom/cjs/react-dom-client.development.js:15439:11)
      at commitPassiveMountOnFiber 
(node_modules/react-dom/cjs/react-dom-client.development.js:15476:11)
      at recursivelyTraversePassiveMountEffects 
(node_modules/react-dom/cjs/react-dom-client.development.js:15439:11)
      at commitPassiveMountOnFiber 
(node_modules/react-dom/cjs/react-dom-client.development.js:15476:11)
      at recursivelyTraversePassiveMountEffects 
(node_modules/react-dom/cjs/react-dom-client.development.js:15439:11)
      at commitPassiveMountOnFiber 
(node_modules/react-dom/cjs/react-dom-client.development.js:15476:11)
      at recursivelyTraversePassiveMountEffects 
(node_modules/react-dom/cjs/react-dom-client.development.js:15439:11)
      at commitPassiveMountOnFiber 
(node_modules/react-dom/cjs/react-dom-client.development.js:15476:11)
      at recursivelyTraversePassiveMountEffects 
(node_modules/react-dom/cjs/react-dom-client.development.js:15439:11)
      at commitPassiveMountOnFiber 
(node_modules/react-dom/cjs/react-dom-client.development.js:15519:11)
      at flushPassiveEffects 
(node_modules/react-dom/cjs/react-dom-client.development.js:18432:9)
      at flushPendingEffects 
(node_modules/react-dom/cjs/react-dom-client.development.js:18358:14)
      at flushSpawnedWork 
(node_modules/react-dom/cjs/react-dom-client.development.js:18323:44)
      at commitRoot (node_modules/react-dom/cjs/react-dom-client.development.js:17955:9)
      at performWorkOnRoot 
(node_modules/react-dom/cjs/react-dom-client.development.js:16667:15)
      at performSyncWorkOnRoot 
(node_modules/react-dom/cjs/react-dom-client.development.js:18972:7)
      at flushSyncWorkAcrossRoots_impl 
(node_modules/react-dom/cjs/react-dom-client.development.js:18814:21)
      at flushSpawnedWork 
(node_modules/react-dom/cjs/react-dom-client.development.js:18334:9)
      at commitRoot (node_modules/react-dom/cjs/react-dom-client.development.js:17955:9)
      at performWorkOnRoot 
(node_modules/react-dom/cjs/react-dom-client.development.js:16667:15)
      at performWorkOnRootViaSchedulerTask 
(node_modules/react-dom/cjs/react-dom-client.development.js:18957:7)
      at flushActQueue (node_modules/react/cjs/react.development.js:590:34)
      at process.env.NODE_ENV.exports.act 
(node_modules/react/cjs/react.development.js:884:10)
      at node_modules/@testing-library/react/dist/act-compat.js:46:25
      at renderRoot (node_modules/@testing-library/react/dist/pure.js:189:26)
      at render (node_modules/@testing-library/react/dist/pure.js:291:10)
      at Object.<anonymous> 
(src/components/custom/__tests__/MarkdownDocumentModal.test.tsx:117:15)

    console.warn
      Warning: Missing `Description` or `aria-describedby={undefined}` for 
{DialogContent}.

    [0m [90m 136 |[39m         })[33m;[39m
     [90m 137 |[39m
    [31m[1m>[22m[39m[90m 138 |[39m         
render([33m<[39m[33mMarkdownDocumentModal[39m allContent[33m=[39m{contentWithToc} 
[33m/[39m[33m>[39m)[33m;[39m
     [90m     |[39m               [31m[1m^[22m[39m
     [90m 139 |[39m
     [90m 140 |[39m         [90m// The active ID defaults to the first item (item-1) 
in useEffect[39m
     [90m 141 |[39m         [36mawait[39m waitFor(() [33m=>[39m {[0m

      at node_modules/@radix-ui/react-dialog/src/dialog.tsx:543:36
      at Object.react_stack_bottom_frame 
(node_modules/react-dom/cjs/react-dom-client.development.js:25989:20)
      at runWithFiberInDEV 
(node_modules/react-dom/cjs/react-dom-client.development.js:874:13)
      at commitHookEffectListMount 
(node_modules/react-dom/cjs/react-dom-client.development.js:13249:29)
      at commitHookPassiveMountEffects 
(node_modules/react-dom/cjs/react-dom-client.development.js:13336:11)
      at commitPassiveMountOnFiber 
(node_modules/react-dom/cjs/react-dom-client.development.js:15484:13)
      at recursivelyTraversePassiveMountEffects 
(node_modules/react-dom/cjs/react-dom-client.development.js:15439:11)
      at commitPassiveMountOnFiber 
(node_modules/react-dom/cjs/react-dom-client.development.js:15718:11)
      at recursivelyTraversePassiveMountEffects 
(node_modules/react-dom/cjs/react-dom-client.development.js:15439:11)
      at commitPassiveMountOnFiber 
(node_modules/react-dom/cjs/react-dom-client.development.js:15476:11)
      at recursivelyTraversePassiveMountEffects 
(node_modules/react-dom/cjs/react-dom-client.development.js:15439:11)
      at commitPassiveMountOnFiber 
(node_modules/react-dom/cjs/react-dom-client.development.js:15476:11)
      at recursivelyTraversePassiveMountEffects 
(node_modules/react-dom/cjs/react-dom-client.development.js:15439:11)
      at commitPassiveMountOnFiber 
(node_modules/react-dom/cjs/react-dom-client.development.js:15476:11)
      at recursivelyTraversePassiveMountEffects 
(node_modules/react-dom/cjs/react-dom-client.development.js:15439:11)
      at commitPassiveMountOnFiber 
(node_modules/react-dom/cjs/react-dom-client.development.js:15476:11)
      at recursivelyTraversePassiveMountEffects 
(node_modules/react-dom/cjs/react-dom-client.development.js:15439:11)
      at commitPassiveMountOnFiber 
(node_modules/react-dom/cjs/react-dom-client.development.js:15476:11)
      at recursivelyTraversePassiveMountEffects 
(node_modules/react-dom/cjs/react-dom-client.development.js:15439:11)
      at commitPassiveMountOnFiber 
(node_modules/react-dom/cjs/react-dom-client.development.js:15476:11)
      at recursivelyTraversePassiveMountEffects 
(node_modules/react-dom/cjs/react-dom-client.development.js:15439:11)
      at commitPassiveMountOnFiber 
(node_modules/react-dom/cjs/react-dom-client.development.js:15476:11)
      at recursivelyTraversePassiveMountEffects 
(node_modules/react-dom/cjs/react-dom-client.development.js:15439:11)
      at commitPassiveMountOnFiber 
(node_modules/react-dom/cjs/react-dom-client.development.js:15718:11)
      at recursivelyTraversePassiveMountEffects 
(node_modules/react-dom/cjs/react-dom-client.development.js:15439:11)
      at commitPassiveMountOnFiber 
(node_modules/react-dom/cjs/react-dom-client.development.js:15476:11)
      at recursivelyTraversePassiveMountEffects 
(node_modules/react-dom/cjs/react-dom-client.development.js:15439:11)
      at commitPassiveMountOnFiber 
(node_modules/react-dom/cjs/react-dom-client.development.js:15476:11)
      at recursivelyTraversePassiveMountEffects 
(node_modules/react-dom/cjs/react-dom-client.development.js:15439:11)
      at commitPassiveMountOnFiber 
(node_modules/react-dom/cjs/react-dom-client.development.js:15718:11)
      at recursivelyTraversePassiveMountEffects 
(node_modules/react-dom/cjs/react-dom-client.development.js:15439:11)
      at commitPassiveMountOnFiber 
(node_modules/react-dom/cjs/react-dom-client.development.js:15476:11)
      at recursivelyTraversePassiveMountEffects 
(node_modules/react-dom/cjs/react-dom-client.development.js:15439:11)
      at commitPassiveMountOnFiber 
(node_modules/react-dom/cjs/react-dom-client.development.js:15476:11)
      at recursivelyTraversePassiveMountEffects 
(node_modules/react-dom/cjs/react-dom-client.development.js:15439:11)
      at commitPassiveMountOnFiber 
(node_modules/react-dom/cjs/react-dom-client.development.js:15476:11)
      at recursivelyTraversePassiveMountEffects 
(node_modules/react-dom/cjs/react-dom-client.development.js:15439:11)
      at commitPassiveMountOnFiber 
(node_modules/react-dom/cjs/react-dom-client.development.js:15476:11)
      at recursivelyTraversePassiveMountEffects 
(node_modules/react-dom/cjs/react-dom-client.development.js:15439:11)
      at commitPassiveMountOnFiber 
(node_modules/react-dom/cjs/react-dom-client.development.js:15718:11)
      at recursivelyTraversePassiveMountEffects 
(node_modules/react-dom/cjs/react-dom-client.development.js:15439:11)
      at commitPassiveMountOnFiber 
(node_modules/react-dom/cjs/react-dom-client.development.js:15476:11)
      at recursivelyTraversePassiveMountEffects 
(node_modules/react-dom/cjs/react-dom-client.development.js:15439:11)
      at commitPassiveMountOnFiber 
(node_modules/react-dom/cjs/react-dom-client.development.js:15476:11)
      at recursivelyTraversePassiveMountEffects 
(node_modules/react-dom/cjs/react-dom-client.development.js:15439:11)
      at commitPassiveMountOnFiber 
(node_modules/react-dom/cjs/react-dom-client.development.js:15476:11)
      at recursivelyTraversePassiveMountEffects 
(node_modules/react-dom/cjs/react-dom-client.development.js:15439:11)
      at commitPassiveMountOnFiber 
(node_modules/react-dom/cjs/react-dom-client.development.js:15476:11)
      at recursivelyTraversePassiveMountEffects 
(node_modules/react-dom/cjs/react-dom-client.development.js:15439:11)
      at commitPassiveMountOnFiber 
(node_modules/react-dom/cjs/react-dom-client.development.js:15519:11)
      at flushPassiveEffects 
(node_modules/react-dom/cjs/react-dom-client.development.js:18432:9)
      at flushPendingEffects 
(node_modules/react-dom/cjs/react-dom-client.development.js:18358:14)
      at flushSpawnedWork 
(node_modules/react-dom/cjs/react-dom-client.development.js:18323:44)
      at commitRoot (node_modules/react-dom/cjs/react-dom-client.development.js:17955:9)
      at performWorkOnRoot 
(node_modules/react-dom/cjs/react-dom-client.development.js:16667:15)
      at performSyncWorkOnRoot 
(node_modules/react-dom/cjs/react-dom-client.development.js:18972:7)
      at flushSyncWorkAcrossRoots_impl 
(node_modules/react-dom/cjs/react-dom-client.development.js:18814:21)
      at flushSpawnedWork 
(node_modules/react-dom/cjs/react-dom-client.development.js:18334:9)
      at commitRoot (node_modules/react-dom/cjs/react-dom-client.development.js:17955:9)
      at performWorkOnRoot 
(node_modules/react-dom/cjs/react-dom-client.development.js:16667:15)
      at performWorkOnRootViaSchedulerTask 
(node_modules/react-dom/cjs/react-dom-client.development.js:18957:7)
      at flushActQueue (node_modules/react/cjs/react.development.js:590:34)
      at process.env.NODE_ENV.exports.act 
(node_modules/react/cjs/react.development.js:884:10)
      at node_modules/@testing-library/react/dist/act-compat.js:46:25
      at renderRoot (node_modules/@testing-library/react/dist/pure.js:189:26)
      at render (node_modules/@testing-library/react/dist/pure.js:291:10)
      at Object.<anonymous> 
(src/components/custom/__tests__/MarkdownDocumentModal.test.tsx:138:15)

    console.warn
      Warning: Missing `Description` or `aria-describedby={undefined}` for 
{DialogContent}.

    [0m [90m 150 |[39m         })[33m;[39m
     [90m 151 |[39m
    [31m[1m>[22m[39m[90m 152 |[39m         
render([33m<[39m[33mMarkdownDocumentModal[39m allContent[33m=[39m{mockContent} 
[33m/[39m[33m>[39m)[33m;[39m
     [90m     |[39m               [31m[1m^[22m[39m
     [90m 153 |[39m
     [90m 154 |[39m         [36mconst[39m scrollContainer [33m=[39m screen[33m.[3
9mgetByRole([32m"article"[39m)[33m.[39mparentElement[33m?[39m[33m.[39mparentEleme
nt[33m;[39m
     [90m 155 |[39m         
expect(scrollContainer)[33m.[39mnot[33m.[39mtoHaveStyle({ 
scrollPaddingTop[33m:[39m [32m'280px'[39m })[33m;[39m[0m

      at node_modules/@radix-ui/react-dialog/src/dialog.tsx:543:36
      at Object.react_stack_bottom_frame 
(node_modules/react-dom/cjs/react-dom-client.development.js:25989:20)
      at runWithFiberInDEV 
(node_modules/react-dom/cjs/react-dom-client.development.js:874:13)
      at commitHookEffectListMount 
(node_modules/react-dom/cjs/react-dom-client.development.js:13249:29)
      at commitHookPassiveMountEffects 
(node_modules/react-dom/cjs/react-dom-client.development.js:13336:11)
      at commitPassiveMountOnFiber 
(node_modules/react-dom/cjs/react-dom-client.development.js:15484:13)
      at recursivelyTraversePassiveMountEffects 
(node_modules/react-dom/cjs/react-dom-client.development.js:15439:11)
      at commitPassiveMountOnFiber 
(node_modules/react-dom/cjs/react-dom-client.development.js:15718:11)
      at recursivelyTraversePassiveMountEffects 
(node_modules/react-dom/cjs/react-dom-client.development.js:15439:11)
      at commitPassiveMountOnFiber 
(node_modules/react-dom/cjs/react-dom-client.development.js:15476:11)
      at recursivelyTraversePassiveMountEffects 
(node_modules/react-dom/cjs/react-dom-client.development.js:15439:11)
      at commitPassiveMountOnFiber 
(node_modules/react-dom/cjs/react-dom-client.development.js:15476:11)
      at recursivelyTraversePassiveMountEffects 
(node_modules/react-dom/cjs/react-dom-client.development.js:15439:11)
      at commitPassiveMountOnFiber 
(node_modules/react-dom/cjs/react-dom-client.development.js:15476:11)
      at recursivelyTraversePassiveMountEffects 
(node_modules/react-dom/cjs/react-dom-client.development.js:15439:11)
      at commitPassiveMountOnFiber 
(node_modules/react-dom/cjs/react-dom-client.development.js:15476:11)
      at recursivelyTraversePassiveMountEffects 
(node_modules/react-dom/cjs/react-dom-client.development.js:15439:11)
      at commitPassiveMountOnFiber 
(node_modules/react-dom/cjs/react-dom-client.development.js:15476:11)
      at recursivelyTraversePassiveMountEffects 
(node_modules/react-dom/cjs/react-dom-client.development.js:15439:11)
      at commitPassiveMountOnFiber 
(node_modules/react-dom/cjs/react-dom-client.development.js:15476:11)
      at recursivelyTraversePassiveMountEffects 
(node_modules/react-dom/cjs/react-dom-client.development.js:15439:11)
      at commitPassiveMountOnFiber 
(node_modules/react-dom/cjs/react-dom-client.development.js:15476:11)
      at recursivelyTraversePassiveMountEffects 
(node_modules/react-dom/cjs/react-dom-client.development.js:15439:11)
      at commitPassiveMountOnFiber 
(node_modules/react-dom/cjs/react-dom-client.development.js:15718:11)
      at recursivelyTraversePassiveMountEffects 
(node_modules/react-dom/cjs/react-dom-client.development.js:15439:11)
      at commitPassiveMountOnFiber 
(node_modules/react-dom/cjs/react-dom-client.development.js:15476:11)
      at recursivelyTraversePassiveMountEffects 
(node_modules/react-dom/cjs/react-dom-client.development.js:15439:11)
      at commitPassiveMountOnFiber 
(node_modules/react-dom/cjs/react-dom-client.development.js:15476:11)
      at recursivelyTraversePassiveMountEffects 
(node_modules/react-dom/cjs/react-dom-client.development.js:15439:11)
      at commitPassiveMountOnFiber 
(node_modules/react-dom/cjs/react-dom-client.development.js:15718:11)
      at recursivelyTraversePassiveMountEffects 
(node_modules/react-dom/cjs/react-dom-client.development.js:15439:11)
      at commitPassiveMountOnFiber 
(node_modules/react-dom/cjs/react-dom-client.development.js:15476:11)
      at recursivelyTraversePassiveMountEffects 
(node_modules/react-dom/cjs/react-dom-client.development.js:15439:11)
      at commitPassiveMountOnFiber 
(node_modules/react-dom/cjs/react-dom-client.development.js:15476:11)
      at recursivelyTraversePassiveMountEffects 
(node_modules/react-dom/cjs/react-dom-client.development.js:15439:11)
      at commitPassiveMountOnFiber 
(node_modules/react-dom/cjs/react-dom-client.development.js:15476:11)
      at recursivelyTraversePassiveMountEffects 
(node_modules/react-dom/cjs/react-dom-client.development.js:15439:11)
      at commitPassiveMountOnFiber 
(node_modules/react-dom/cjs/react-dom-client.development.js:15476:11)
      at recursivelyTraversePassiveMountEffects 
(node_modules/react-dom/cjs/react-dom-client.development.js:15439:11)
      at commitPassiveMountOnFiber 
(node_modules/react-dom/cjs/react-dom-client.development.js:15718:11)
      at recursivelyTraversePassiveMountEffects 
(node_modules/react-dom/cjs/react-dom-client.development.js:15439:11)
      at commitPassiveMountOnFiber 
(node_modules/react-dom/cjs/react-dom-client.development.js:15476:11)
      at recursivelyTraversePassiveMountEffects 
(node_modules/react-dom/cjs/react-dom-client.development.js:15439:11)
      at commitPassiveMountOnFiber 
(node_modules/react-dom/cjs/react-dom-client.development.js:15476:11)
      at recursivelyTraversePassiveMountEffects 
(node_modules/react-dom/cjs/react-dom-client.development.js:15439:11)
      at commitPassiveMountOnFiber 
(node_modules/react-dom/cjs/react-dom-client.development.js:15476:11)
      at recursivelyTraversePassiveMountEffects 
(node_modules/react-dom/cjs/react-dom-client.development.js:15439:11)
      at commitPassiveMountOnFiber 
(node_modules/react-dom/cjs/react-dom-client.development.js:15476:11)
      at recursivelyTraversePassiveMountEffects 
(node_modules/react-dom/cjs/react-dom-client.development.js:15439:11)
      at commitPassiveMountOnFiber 
(node_modules/react-dom/cjs/react-dom-client.development.js:15519:11)
      at flushPassiveEffects 
(node_modules/react-dom/cjs/react-dom-client.development.js:18432:9)
      at flushPendingEffects 
(node_modules/react-dom/cjs/react-dom-client.development.js:18358:14)
      at flushSpawnedWork 
(node_modules/react-dom/cjs/react-dom-client.development.js:18323:44)
      at commitRoot (node_modules/react-dom/cjs/react-dom-client.development.js:17955:9)
      at performWorkOnRoot 
(node_modules/react-dom/cjs/react-dom-client.development.js:16667:15)
      at performSyncWorkOnRoot 
(node_modules/react-dom/cjs/react-dom-client.development.js:18972:7)
      at flushSyncWorkAcrossRoots_impl 
(node_modules/react-dom/cjs/react-dom-client.development.js:18814:21)
      at flushSpawnedWork 
(node_modules/react-dom/cjs/react-dom-client.development.js:18334:9)
      at commitRoot (node_modules/react-dom/cjs/react-dom-client.development.js:17955:9)
      at performWorkOnRoot 
(node_modules/react-dom/cjs/react-dom-client.development.js:16667:15)
      at performWorkOnRootViaSchedulerTask 
(node_modules/react-dom/cjs/react-dom-client.development.js:18957:7)
      at flushActQueue (node_modules/react/cjs/react.development.js:590:34)
      at process.env.NODE_ENV.exports.act 
(node_modules/react/cjs/react.development.js:884:10)
      at node_modules/@testing-library/react/dist/act-compat.js:46:25
      at renderRoot (node_modules/@testing-library/react/dist/pure.js:189:26)
      at render (node_modules/@testing-library/react/dist/pure.js:291:10)
      at Object.<anonymous> 
(src/components/custom/__tests__/MarkdownDocumentModal.test.tsx:152:15)

    console.warn
      Warning: Missing `Description` or `aria-describedby={undefined}` for 
{DialogContent}.

    [0m [90m 163 |[39m         })[33m;[39m
     [90m 164 |[39m
    [31m[1m>[22m[39m[90m 165 |[39m         
render([33m<[39m[33mMarkdownDocumentModal[39m allContent[33m=[39m{mockContent} 
[33m/[39m[33m>[39m)[33m;[39m
     [90m     |[39m               [31m[1m^[22m[39m
     [90m 166 |[39m
     [90m 167 |[39m         [90m// We verify that the Dialog is rendering with the 
expected onCloseAutoFocus handler[39m
     [90m 168 |[39m         [90m// by checking that the component doesn't crash and 
the handler is present in the DOM [39m[0m

      at node_modules/@radix-ui/react-dialog/src/dialog.tsx:543:36
      at Object.react_stack_bottom_frame 
(node_modules/react-dom/cjs/react-dom-client.development.js:25989:20)
      at runWithFiberInDEV 
(node_modules/react-dom/cjs/react-dom-client.development.js:874:13)
      at commitHookEffectListMount 
(node_modules/react-dom/cjs/react-dom-client.development.js:13249:29)
      at commitHookPassiveMountEffects 
(node_modules/react-dom/cjs/react-dom-client.development.js:13336:11)
      at commitPassiveMountOnFiber 
(node_modules/react-dom/cjs/react-dom-client.development.js:15484:13)
      at recursivelyTraversePassiveMountEffects 
(node_modules/react-dom/cjs/react-dom-client.development.js:15439:11)
      at commitPassiveMountOnFiber 
(node_modules/react-dom/cjs/react-dom-client.development.js:15718:11)
      at recursivelyTraversePassiveMountEffects 
(node_modules/react-dom/cjs/react-dom-client.development.js:15439:11)
      at commitPassiveMountOnFiber 
(node_modules/react-dom/cjs/react-dom-client.development.js:15476:11)
      at recursivelyTraversePassiveMountEffects 
(node_modules/react-dom/cjs/react-dom-client.development.js:15439:11)
      at commitPassiveMountOnFiber 
(node_modules/react-dom/cjs/react-dom-client.development.js:15476:11)
      at recursivelyTraversePassiveMountEffects 
(node_modules/react-dom/cjs/react-dom-client.development.js:15439:11)
      at commitPassiveMountOnFiber 
(node_modules/react-dom/cjs/react-dom-client.development.js:15476:11)
      at recursivelyTraversePassiveMountEffects 
(node_modules/react-dom/cjs/react-dom-client.development.js:15439:11)
      at commitPassiveMountOnFiber 
(node_modules/react-dom/cjs/react-dom-client.development.js:15476:11)
      at recursivelyTraversePassiveMountEffects 
(node_modules/react-dom/cjs/react-dom-client.development.js:15439:11)
      at commitPassiveMountOnFiber 
(node_modules/react-dom/cjs/react-dom-client.development.js:15476:11)
      at recursivelyTraversePassiveMountEffects 
(node_modules/react-dom/cjs/react-dom-client.development.js:15439:11)
      at commitPassiveMountOnFiber 
(node_modules/react-dom/cjs/react-dom-client.development.js:15476:11)
      at recursivelyTraversePassiveMountEffects 
(node_modules/react-dom/cjs/react-dom-client.development.js:15439:11)
      at commitPassiveMountOnFiber 
(node_modules/react-dom/cjs/react-dom-client.development.js:15476:11)
      at recursivelyTraversePassiveMountEffects 
(node_modules/react-dom/cjs/react-dom-client.development.js:15439:11)
      at commitPassiveMountOnFiber 
(node_modules/react-dom/cjs/react-dom-client.development.js:15718:11)
      at recursivelyTraversePassiveMountEffects 
(node_modules/react-dom/cjs/react-dom-client.development.js:15439:11)
      at commitPassiveMountOnFiber 
(node_modules/react-dom/cjs/react-dom-client.development.js:15476:11)
      at recursivelyTraversePassiveMountEffects 
(node_modules/react-dom/cjs/react-dom-client.development.js:15439:11)
      at commitPassiveMountOnFiber 
(node_modules/react-dom/cjs/react-dom-client.development.js:15476:11)
      at recursivelyTraversePassiveMountEffects 
(node_modules/react-dom/cjs/react-dom-client.development.js:15439:11)
      at commitPassiveMountOnFiber 
(node_modules/react-dom/cjs/react-dom-client.development.js:15718:11)
      at recursivelyTraversePassiveMountEffects 
(node_modules/react-dom/cjs/react-dom-client.development.js:15439:11)
      at commitPassiveMountOnFiber 
(node_modules/react-dom/cjs/react-dom-client.development.js:15476:11)
      at recursivelyTraversePassiveMountEffects 
(node_modules/react-dom/cjs/react-dom-client.development.js:15439:11)
      at commitPassiveMountOnFiber 
(node_modules/react-dom/cjs/react-dom-client.development.js:15476:11)
      at recursivelyTraversePassiveMountEffects 
(node_modules/react-dom/cjs/react-dom-client.development.js:15439:11)
      at commitPassiveMountOnFiber 
(node_modules/react-dom/cjs/react-dom-client.development.js:15476:11)
      at recursivelyTraversePassiveMountEffects 
(node_modules/react-dom/cjs/react-dom-client.development.js:15439:11)
      at commitPassiveMountOnFiber 
(node_modules/react-dom/cjs/react-dom-client.development.js:15476:11)
      at recursivelyTraversePassiveMountEffects 
(node_modules/react-dom/cjs/react-dom-client.development.js:15439:11)
      at commitPassiveMountOnFiber 
(node_modules/react-dom/cjs/react-dom-client.development.js:15718:11)
      at recursivelyTraversePassiveMountEffects 
(node_modules/react-dom/cjs/react-dom-client.development.js:15439:11)
      at commitPassiveMountOnFiber 
(node_modules/react-dom/cjs/react-dom-client.development.js:15476:11)
      at recursivelyTraversePassiveMountEffects 
(node_modules/react-dom/cjs/react-dom-client.development.js:15439:11)
      at commitPassiveMountOnFiber 
(node_modules/react-dom/cjs/react-dom-client.development.js:15476:11)
      at recursivelyTraversePassiveMountEffects 
(node_modules/react-dom/cjs/react-dom-client.development.js:15439:11)
      at commitPassiveMountOnFiber 
(node_modules/react-dom/cjs/react-dom-client.development.js:15476:11)
      at recursivelyTraversePassiveMountEffects 
(node_modules/react-dom/cjs/react-dom-client.development.js:15439:11)
      at commitPassiveMountOnFiber 
(node_modules/react-dom/cjs/react-dom-client.development.js:15476:11)
      at recursivelyTraversePassiveMountEffects 
(node_modules/react-dom/cjs/react-dom-client.development.js:15439:11)
      at commitPassiveMountOnFiber 
(node_modules/react-dom/cjs/react-dom-client.development.js:15519:11)
      at flushPassiveEffects 
(node_modules/react-dom/cjs/react-dom-client.development.js:18432:9)
      at flushPendingEffects 
(node_modules/react-dom/cjs/react-dom-client.development.js:18358:14)
      at flushSpawnedWork 
(node_modules/react-dom/cjs/react-dom-client.development.js:18323:44)
      at commitRoot (node_modules/react-dom/cjs/react-dom-client.development.js:17955:9)
      at performWorkOnRoot 
(node_modules/react-dom/cjs/react-dom-client.development.js:16667:15)
      at performSyncWorkOnRoot 
(node_modules/react-dom/cjs/react-dom-client.development.js:18972:7)
      at flushSyncWorkAcrossRoots_impl 
(node_modules/react-dom/cjs/react-dom-client.development.js:18814:21)
      at flushSpawnedWork 
(node_modules/react-dom/cjs/react-dom-client.development.js:18334:9)
      at commitRoot (node_modules/react-dom/cjs/react-dom-client.development.js:17955:9)
      at performWorkOnRoot 
(node_modules/react-dom/cjs/react-dom-client.development.js:16667:15)
      at performWorkOnRootViaSchedulerTask 
(node_modules/react-dom/cjs/react-dom-client.development.js:18957:7)
      at flushActQueue (node_modules/react/cjs/react.development.js:590:34)
      at process.env.NODE_ENV.exports.act 
(node_modules/react/cjs/react.development.js:884:10)
      at node_modules/@testing-library/react/dist/act-compat.js:46:25
      at renderRoot (node_modules/@testing-library/react/dist/pure.js:189:26)
      at render (node_modules/@testing-library/react/dist/pure.js:291:10)
      at Object.<anonymous> 
(src/components/custom/__tests__/MarkdownDocumentModal.test.tsx:165:15)

PASS src/components/content/__tests__/BlueprintGroup.test.tsx
PASS src/components/custom/__tests__/FilterBar.test.tsx
PASS src/components/content/__tests__/ProjectCard.test.tsx
PASS src/app/about/__tests__/page.test.tsx
PASS src/hooks/__tests__/useFilterState.test.tsx
PASS scripts/__tests__/sync-content.test.ts
  ΓùÅ Console

    console.error
      ≡ƒÜ½ Security: Rejected unsafe source_path "../../etc/passwd" in src\content\bad.md

    [0m [90m 105 |[39m
     [90m 106 |[39m         [36mif[39m ([33m![39misSourcePathSafe(sourcePath)) {
    [31m[1m>[22m[39m[90m 107 |[39m             console[33m.[39merror(
     [90m     |[39m                     [31m[1m^[22m[39m
     [90m 108 |[39m                 [32m`≡ƒÜ½ Security: Rejected unsafe source_path 
"${sourcePath}" in ${path.relative(process.cwd(), filePath)}`[39m
     [90m 109 |[39m             )[33m;[39m
     [90m 110 |[39m             rejectedCount[33m++[39m[33m;[39m[0m

      at Object.error (scripts/sync-content.ts:107:21)
      at Object.extractSourcePaths (scripts/__tests__/sync-content.test.ts:105:55)

    console.error
      ≡ƒÜ½ Security: Rejected unsafe source_path "/etc/passwd" in src\content\abs.md

    [0m [90m 105 |[39m
     [90m 106 |[39m         [36mif[39m ([33m![39misSourcePathSafe(sourcePath)) {
    [31m[1m>[22m[39m[90m 107 |[39m             console[33m.[39merror(
     [90m     |[39m                     [31m[1m^[22m[39m
     [90m 108 |[39m                 [32m`≡ƒÜ½ Security: Rejected unsafe source_path 
"${sourcePath}" in ${path.relative(process.cwd(), filePath)}`[39m
     [90m 109 |[39m             )[33m;[39m
     [90m 110 |[39m             rejectedCount[33m++[39m[33m;[39m[0m

      at Object.error (scripts/sync-content.ts:107:21)
      at Object.extractSourcePaths (scripts/__tests__/sync-content.test.ts:118:40)

    console.log
      
      ≡ƒöä Pre-Build Sync Automation ΓÇö Story 12.1

      at Object.log (scripts/sync-content.ts:136:13)

    console.log
         Content root: /fake/content

      at Object.log (scripts/sync-content.ts:137:13)

    console.log
         Γ£ô No source_path references found. Nothing to verify.

      at Object.log (scripts/sync-content.ts:142:17)

    console.log
      
      ≡ƒöä Pre-Build Sync Automation ΓÇö Story 12.1

      at Object.log (scripts/sync-content.ts:136:13)

    console.log
         Content root: /fake/content

      at Object.log (scripts/sync-content.ts:137:13)

    console.log
         Γ£ô Verified:  _bmad-output/planning-artifacts/prd.md

      at Object.log (scripts/sync-content.ts:156:21)

    console.log
                    ΓåÉ ..\..\..\..\..\..\fake\content\doc.md

      at Object.log (scripts/sync-content.ts:157:21)

    console.log
      
         ≡ƒôè Summary: 1 verified, 0 missing, 0 security-rejected (non-fatal)

      at Object.log (scripts/sync-content.ts:177:13)

    console.log
      
      ≡ƒöä Pre-Build Sync Automation ΓÇö Story 12.1

      at Object.log (scripts/sync-content.ts:136:13)

    console.log
         Content root: /fake/content

      at Object.log (scripts/sync-content.ts:137:13)

    console.warn
         ΓÜá  WARNING: source_path not found: _bmad-output/planning-artifacts/prd.md

    [0m [90m 167 |[39m                 console[33m.[39mwarn([32m`   ≡ƒôï 
SYNC_MODE=copy set but no copy source configured. Skipping.`[39m)[33m;[39m
     [90m 168 |[39m             } [36melse[39m {
    [31m[1m>[22m[39m[90m 169 |[39m                 console[33m.[39mwarn([32m`   
ΓÜá  WARNING: source_path not found: ${targetRel}`[39m)[33m;[39m
     [90m     |[39m                         [31m[1m^[22m[39m
     [90m 170 |[39m                 console[33m.[39mwarn([32m`              ΓåÉ 
${rel}`[39m)[33m;[39m
     [90m 171 |[39m                 console[33m.[39mwarn([32m`   Γä╣  This file 
will fall back to local content at build time.`[39m)[33m;[39m
     [90m 172 |[39m             }[0m

      at Object.warn (scripts/sync-content.ts:169:25)
      at Object.runSync (scripts/__tests__/sync-content.test.ts:190:35)

    console.warn
                    ΓåÉ ..\..\..\..\..\..\fake\content\doc.md

    [0m [90m 168 |[39m             } [36melse[39m {
     [90m 169 |[39m                 console[33m.[39mwarn([32m`   ΓÜá  WARNING: 
source_path not found: ${targetRel}`[39m)[33m;[39m
    [31m[1m>[22m[39m[90m 170 |[39m                 console[33m.[39mwarn([32m`   
           ΓåÉ ${rel}`[39m)[33m;[39m
     [90m     |[39m                         [31m[1m^[22m[39m
     [90m 171 |[39m                 console[33m.[39mwarn([32m`   Γä╣  This file 
will fall back to local content at build time.`[39m)[33m;[39m
     [90m 172 |[39m             }
     [90m 173 |[39m             missing[33m++[39m[33m;[39m[0m

      at Object.warn (scripts/sync-content.ts:170:25)
      at Object.runSync (scripts/__tests__/sync-content.test.ts:190:35)

    console.warn
         Γä╣  This file will fall back to local content at build time.

    [0m [90m 169 |[39m                 console[33m.[39mwarn([32m`   ΓÜá  WARNING: 
source_path not found: ${targetRel}`[39m)[33m;[39m
     [90m 170 |[39m                 console[33m.[39mwarn([32m`              ΓåÉ 
${rel}`[39m)[33m;[39m
    [31m[1m>[22m[39m[90m 171 |[39m                 console[33m.[39mwarn([32m`   
Γä╣  This file will fall back to local content at build time.`[39m)[33m;[39m
     [90m     |[39m                         [31m[1m^[22m[39m
     [90m 172 |[39m             }
     [90m 173 |[39m             missing[33m++[39m[33m;[39m
     [90m 174 |[39m         }[0m

      at Object.warn (scripts/sync-content.ts:171:25)
      at Object.runSync (scripts/__tests__/sync-content.test.ts:190:35)

    console.log
      
         ≡ƒôè Summary: 0 verified, 1 missing, 0 security-rejected (non-fatal)

      at Object.log (scripts/sync-content.ts:177:13)

    console.log
      
      ≡ƒöä Pre-Build Sync Automation ΓÇö Story 12.1

      at Object.log (scripts/sync-content.ts:136:13)

    console.log
         Content root: /fake/content

      at Object.log (scripts/sync-content.ts:137:13)

    console.log
      
         ≡ƒôè Summary: 0 verified, 1 missing, 0 security-rejected (non-fatal)

      at Object.log (scripts/sync-content.ts:177:13)

PASS src/lib/__tests__/content-utils.test.ts
PASS src/lib/__tests__/metrics.test.ts
PASS src/lib/__tests__/toc-engine.test.ts

Test Suites: 2 failed, 11 passed, 13 total
Tests:       2 failed, 102 passed, 104 total
Snapshots:   0 total
Time:        1.84 s
Ran all test suites.
